panel 95,311 | test pos 45

[A] multi-seed x multi-model (Δ = FIN+NET4 − FIN, ROC)
  rusboost  ΔROC mean +0.0191 sd 0.0157 min -0.0068 max +0.0466 (n=10) | prec@1% FIN 0.011 NET 0.014
  hgb       ΔROC mean +0.0115 sd 0.0235 min -0.0133 max +0.0717 (n=10) | prec@1% FIN 0.006 NET 0.008
  logit     ΔROC mean +0.0023 sd 0.0000 min +0.0023 max +0.0023 (n=1) | prec@1% FIN 0.000 NET 0.000

[B] leakage dose-response (reveal horizon allowed into neighbor ratio)
  clean (<t)             ROC=0.6612
  reveal < t+1           ROC=0.6536
  reveal < t+2           ROC=0.6621
  reveal < t+3           ROC=0.6497
  all (no constraint)    ROC=0.6727

[C] industry adjustment (1-digit SIC)
Traceback (most recent call last):
  File [35m"/Users/jihwanw/PhD/code/venv/lib/python3.13/site-packages/sqlalchemy/engine/base.py"[0m, line [35m143[0m, in [35m__init__[0m
    self._dbapi_connection = [31mengine.raw_connection[0m[1;31m()[0m
                             [31m~~~~~~~~~~~~~~~~~~~~~[0m[1;31m^^[0m
  File [35m"/Users/jihwanw/PhD/code/venv/lib/python3.13/site-packages/sqlalchemy/engine/base.py"[0m, line [35m3309[0m, in [35mraw_connection[0m
    return [31mself.pool.connect[0m[1;31m()[0m
           [31m~~~~~~~~~~~~~~~~~[0m[1;31m^^[0m
  File [35m"/Users/jihwanw/PhD/code/venv/lib/python3.13/site-packages/sqlalchemy/pool/base.py"[0m, line [35m447[0m, in [35mconnect[0m
    return [31m_ConnectionFairy._checkout[0m[1;31m(self)[0m
           [31m~~~~~~~~~~~~~~~~~~~~~~~~~~[0m[1;31m^^^^^^[0m
  File [35m"/Users/jihwanw/PhD/code/venv/lib/python3.13/site-packages/sqlalchemy/pool/base.py"[0m, line [35m1264[0m, in [35m_checkout[0m
    fairy = _ConnectionRecord.checkout(pool)
  File [35m"/Users/jihwanw/PhD/code/venv/lib/python3.13/site-packages/sqlalchemy/pool/base.py"[0m, line [35m711[0m, in [35mcheckout[0m
    rec = pool._do_get()
  File [35m"/Users/jihwanw/PhD/code/venv/lib/python3.13/site-packages/sqlalchemy/pool/impl.py"[0m, line [35m177[0m, in [35m_do_get[0m
    with [31mutil.safe_reraise[0m[1;31m()[0m:
         [31m~~~~~~~~~~~~~~~~~[0m[1;31m^^[0m
  File [35m"/Users/jihwanw/PhD/code/venv/lib/python3.13/site-packages/sqlalchemy/util/langhelpers.py"[0m, line [35m224[0m, in [35m__exit__[0m
    raise exc_value.with_traceback(exc_tb)
  File [35m"/Users/jihwanw/PhD/code/venv/lib/python3.13/site-packages/sqlalchemy/pool/impl.py"[0m, line [35m175[0m, in [35m_do_get[0m
    return [31mself._create_connection[0m[1;31m()[0m
           [31m~~~~~~~~~~~~~~~~~~~~~~~[0m[1;31m^^[0m
  File [35m"/Users/jihwanw/PhD/code/venv/lib/python3.13/site-packages/sqlalchemy/pool/base.py"[0m, line [35m388[0m, in [35m_create_connection[0m
    return _ConnectionRecord(self)
  File [35m"/Users/jihwanw/PhD/code/venv/lib/python3.13/site-packages/sqlalchemy/pool/base.py"[0m, line [35m673[0m, in [35m__init__[0m
    [31mself.__connect[0m[1;31m()[0m
    [31m~~~~~~~~~~~~~~[0m[1;31m^^[0m
  File [35m"/Users/jihwanw/PhD/code/venv/lib/python3.13/site-packages/sqlalchemy/pool/base.py"[0m, line [35m899[0m, in [35m__connect[0m
    with [31mutil.safe_reraise[0m[1;31m()[0m:
         [31m~~~~~~~~~~~~~~~~~[0m[1;31m^^[0m
  File [35m"/Users/jihwanw/PhD/code/venv/lib/python3.13/site-packages/sqlalchemy/util/langhelpers.py"[0m, line [35m224[0m, in [35m__exit__[0m
    raise exc_value.with_traceback(exc_tb)
  File [35m"/Users/jihwanw/PhD/code/venv/lib/python3.13/site-packages/sqlalchemy/pool/base.py"[0m, line [35m895[0m, in [35m__connect[0m
    self.dbapi_connection = connection = [31mpool._invoke_creator[0m[1;31m(self)[0m
                                         [31m~~~~~~~~~~~~~~~~~~~~[0m[1;31m^^^^^^[0m
  File [35m"/Users/jihwanw/PhD/code/venv/lib/python3.13/site-packages/sqlalchemy/engine/create.py"[0m, line [35m661[0m, in [35mconnect[0m
    return [31mdialect.connect[0m[1;31m(*cargs, **cparams)[0m
           [31m~~~~~~~~~~~~~~~[0m[1;31m^^^^^^^^^^^^^^^^^^^[0m
  File [35m"/Users/jihwanw/PhD/code/venv/lib/python3.13/site-packages/sqlalchemy/engine/default.py"[0m, line [35m630[0m, in [35mconnect[0m
    return [31mself.loaded_dbapi.connect[0m[1;31m(*cargs, **cparams)[0m  # type: ignore[no-any-return]  # NOQA: E501
           [31m~~~~~~~~~~~~~~~~~~~~~~~~~[0m[1;31m^^^^^^^^^^^^^^^^^^^[0m
  File [35m"/Users/jihwanw/PhD/code/venv/lib/python3.13/site-packages/psycopg2/__init__.py"[0m, line [35m122[0m, in [35mconnect[0m
    conn = _connect(dsn, connection_factory=connection_factory, **kwasync)
[1;35mpsycopg2.OperationalError[0m: [35mconnection to server at "wrds-pgdata.wharton.upenn.edu" (165.123.60.118), port 9737 failed: SSL connection has been closed unexpectedly
[0m

The above exception was the direct cause of the following exception:

Traceback (most recent call last):
  File [35m"/Users/jihwanw/PhD/drop/fraud_detection/rebuild/code/12_referee_experiments.py"[0m, line [35m174[0m, in [35m<module>[0m
    db = wrds.Connection(wrds_username=u)
  File [35m"/Users/jihwanw/PhD/code/venv/lib/python3.13/site-packages/wrds/sql.py"[0m, line [35m76[0m, in [35m__init__[0m
    [31mself.connect[0m[1;31m()[0m
    [31m~~~~~~~~~~~~[0m[1;31m^^[0m
  File [35m"/Users/jihwanw/PhD/code/venv/lib/python3.13/site-packages/wrds/sql.py"[0m, line [35m117[0m, in [35mconnect[0m
    [31mself.__make_sa_engine_conn[0m[1;31m(raise_err=True)[0m
    [31m~~~~~~~~~~~~~~~~~~~~~~~~~~[0m[1;31m^^^^^^^^^^^^^^^^[0m
  File [35m"/Users/jihwanw/PhD/code/venv/lib/python3.13/site-packages/wrds/sql.py"[0m, line [35m100[0m, in [35m__make_sa_engine_conn[0m
    raise err
  File [35m"/Users/jihwanw/PhD/code/venv/lib/python3.13/site-packages/wrds/sql.py"[0m, line [35m94[0m, in [35m__make_sa_engine_conn[0m
    self.connection = [31mself.engine.connect[0m[1;31m()[0m
                      [31m~~~~~~~~~~~~~~~~~~~[0m[1;31m^^[0m
  File [35m"/Users/jihwanw/PhD/code/venv/lib/python3.13/site-packages/sqlalchemy/engine/base.py"[0m, line [35m3285[0m, in [35mconnect[0m
    return [31mself._connection_cls[0m[1;31m(self)[0m
           [31m~~~~~~~~~~~~~~~~~~~~[0m[1;31m^^^^^^[0m
  File [35m"/Users/jihwanw/PhD/code/venv/lib/python3.13/site-packages/sqlalchemy/engine/base.py"[0m, line [35m145[0m, in [35m__init__[0m
    [31mConnection._handle_dbapi_exception_noconnection[0m[1;31m([0m
    [31m~~~~~~~~~~~~~~~~~~~~~~~~~~~~~~~~~~~~~~~~~~~~~~~[0m[1;31m^[0m
        [1;31merr, dialect, engine[0m
        [1;31m^^^^^^^^^^^^^^^^^^^^[0m
    [1;31m)[0m
    [1;31m^[0m
  File [35m"/Users/jihwanw/PhD/code/venv/lib/python3.13/site-packages/sqlalchemy/engine/base.py"[0m, line [35m2448[0m, in [35m_handle_dbapi_exception_noconnection[0m
    raise sqlalchemy_exception.with_traceback(exc_info[2]) from e
  File [35m"/Users/jihwanw/PhD/code/venv/lib/python3.13/site-packages/sqlalchemy/engine/base.py"[0m, line [35m143[0m, in [35m__init__[0m
    self._dbapi_connection = [31mengine.raw_connection[0m[1;31m()[0m
                             [31m~~~~~~~~~~~~~~~~~~~~~[0m[1;31m^^[0m
  File [35m"/Users/jihwanw/PhD/code/venv/lib/python3.13/site-packages/sqlalchemy/engine/base.py"[0m, line [35m3309[0m, in [35mraw_connection[0m
    return [31mself.pool.connect[0m[1;31m()[0m
           [31m~~~~~~~~~~~~~~~~~[0m[1;31m^^[0m
  File [35m"/Users/jihwanw/PhD/code/venv/lib/python3.13/site-packages/sqlalchemy/pool/base.py"[0m, line [35m447[0m, in [35mconnect[0m
    return [31m_ConnectionFairy._checkout[0m[1;31m(self)[0m
           [31m~~~~~~~~~~~~~~~~~~~~~~~~~~[0m[1;31m^^^^^^[0m
  File [35m"/Users/jihwanw/PhD/code/venv/lib/python3.13/site-packages/sqlalchemy/pool/base.py"[0m, line [35m1264[0m, in [35m_checkout[0m
    fairy = _ConnectionRecord.checkout(pool)
  File [35m"/Users/jihwanw/PhD/code/venv/lib/python3.13/site-packages/sqlalchemy/pool/base.py"[0m, line [35m711[0m, in [35mcheckout[0m
    rec = pool._do_get()
  File [35m"/Users/jihwanw/PhD/code/venv/lib/python3.13/site-packages/sqlalchemy/pool/impl.py"[0m, line [35m177[0m, in [35m_do_get[0m
    with [31mutil.safe_reraise[0m[1;31m()[0m:
         [31m~~~~~~~~~~~~~~~~~[0m[1;31m^^[0m
  File [35m"/Users/jihwanw/PhD/code/venv/lib/python3.13/site-packages/sqlalchemy/util/langhelpers.py"[0m, line [35m224[0m, in [35m__exit__[0m
    raise exc_value.with_traceback(exc_tb)
  File [35m"/Users/jihwanw/PhD/code/venv/lib/python3.13/site-packages/sqlalchemy/pool/impl.py"[0m, line [35m175[0m, in [35m_do_get[0m
    return [31mself._create_connection[0m[1;31m()[0m
           [31m~~~~~~~~~~~~~~~~~~~~~~~[0m[1;31m^^[0m
  File [35m"/Users/jihwanw/PhD/code/venv/lib/python3.13/site-packages/sqlalchemy/pool/base.py"[0m, line [35m388[0m, in [35m_create_connection[0m
    return _ConnectionRecord(self)
  File [35m"/Users/jihwanw/PhD/code/venv/lib/python3.13/site-packages/sqlalchemy/pool/base.py"[0m, line [35m673[0m, in [35m__init__[0m
    [31mself.__connect[0m[1;31m()[0m
    [31m~~~~~~~~~~~~~~[0m[1;31m^^[0m
  File [35m"/Users/jihwanw/PhD/code/venv/lib/python3.13/site-packages/sqlalchemy/pool/base.py"[0m, line [35m899[0m, in [35m__connect[0m
    with [31mutil.safe_reraise[0m[1;31m()[0m:
         [31m~~~~~~~~~~~~~~~~~[0m[1;31m^^[0m
  File [35m"/Users/jihwanw/PhD/code/venv/lib/python3.13/site-packages/sqlalchemy/util/langhelpers.py"[0m, line [35m224[0m, in [35m__exit__[0m
    raise exc_value.with_traceback(exc_tb)
  File [35m"/Users/jihwanw/PhD/code/venv/lib/python3.13/site-packages/sqlalchemy/pool/base.py"[0m, line [35m895[0m, in [35m__connect[0m
    self.dbapi_connection = connection = [31mpool._invoke_creator[0m[1;31m(self)[0m
                                         [31m~~~~~~~~~~~~~~~~~~~~[0m[1;31m^^^^^^[0m
  File [35m"/Users/jihwanw/PhD/code/venv/lib/python3.13/site-packages/sqlalchemy/engine/create.py"[0m, line [35m661[0m, in [35mconnect[0m
    return [31mdialect.connect[0m[1;31m(*cargs, **cparams)[0m
           [31m~~~~~~~~~~~~~~~[0m[1;31m^^^^^^^^^^^^^^^^^^^[0m
  File [35m"/Users/jihwanw/PhD/code/venv/lib/python3.13/site-packages/sqlalchemy/engine/default.py"[0m, line [35m630[0m, in [35mconnect[0m
    return [31mself.loaded_dbapi.connect[0m[1;31m(*cargs, **cparams)[0m  # type: ignore[no-any-return]  # NOQA: E501
           [31m~~~~~~~~~~~~~~~~~~~~~~~~~[0m[1;31m^^^^^^^^^^^^^^^^^^^[0m
  File [35m"/Users/jihwanw/PhD/code/venv/lib/python3.13/site-packages/psycopg2/__init__.py"[0m, line [35m122[0m, in [35mconnect[0m
    conn = _connect(dsn, connection_factory=connection_factory, **kwasync)
[1;35msqlalchemy.exc.OperationalError[0m: [35m(psycopg2.OperationalError) connection to server at "wrds-pgdata.wharton.upenn.edu" (165.123.60.118), port 9737 failed: SSL connection has been closed unexpectedly

(Background on this error at: https://sqlalche.me/e/20/e3q8)[0m
